▶ [pane-1] [lead]                       │● [pane-2] set issue
                                        │
                                        │
                                        │
                                        │
                                        │
                                        │
                                        │
                                        │
                                        │
                                        │
                                        ├───────────────────────────────────────
                                        │○ [pane-3]
                                        │
                                        │
                                        │
                                        │
                                        │
                                        │
                                        │
                                        │
                                        │
                                        │
 amux │ ? help │ SESSION                                     3 panes │ 00:00