○ [pane-1]                              │○ [pane-2]
                                        │
                                        │
                                        │
                                        │
                                        │
                                        │
                                        │
                                        │
                                        │
                                        │
────────────────────────────────────────┼───────────────────────────────────────
● [pane-4]                              │○ [pane-3]
                                        │
                                        │
                                        │
                                        │
                                        │
                                        │
                                        │
                                        │
                                        │
                                        │
 amux │ SESSION                                              4 panes │ 00:00