○ [pane-1]                              │○ [pane-2]
                                        │
                                        │
                                        │
                                        │
                                        │
                                        │
                                        │
                                        │
                                        │
                                        │
────────────────────────────────────────┼───────────────────────────────────────
● [pane-4] set issue                    │○ [pane-3]
                                        │
                                        │
                                        │
                                        │
                                        │
                                        │
                                        │
                                        │
                                        │
                                        │
 amux │ SESSION                                     4 panes │ ? help │ 00:00