● [pane-70]                                     │○ [pane-91] @hetzner-1:pane-1786 ● #817 ~/amux
                                                │
                                                │
                                                │
                                                │
                                                │
                                                │
 amux │ SESSION                                                         2 panes │ ? help │ 00:00
