● [pane-869]                                                                                     │○ [pane-329]                                                                                     │○ [w-LAB-1588]                                                                                   │○ [pane-1055]                                                                                    │○ [pane-1059]
                                                                                                 │                                                                                                 │                                                                                                 │                                                                                                 │
                                                                                                 │                                                                                                 │                                                                                                 │                                                                                                 │
                                                                                                 │                                                                                                 │                                                                                                 │                                                                                                 │
                                                                                                 │                                                                                                 │                                                                                                 │                                                                                                 │
                                                                                                 │                                                                                                 │                                                                                                 │                                                                                                 │
                                                                                                 │                                                                                                 │                                                                                                 │                                                                                                 │
                                                                                                 │                                                                                                 │                                                                                                 │                                                                                                 │
                                                                                                 │                                                                                                 │                                                                                                 │                                                                                                 │
                                                                                                 │                                                                                                 │                                                                                                 │                                                                                                 │
                                                                                                 │                                                                                                 │                                                                                                 │                                                                                                 │
                                                                                                 │                                                                                                 │                                                                                                 │                                                                                                 │
                                                                                                 │                                                                                                 │                                                                                                 │                                                                                                 │
                                                                                                 │                                                                                                 │                                                                                                 │                                                                                                 │
                                                                                                 │                                                                                                 │                                                                                                 │                                                                                                 │
                                                                                                 │                                                                                                 │                                                                                                 │                                                                                                 │
                                                                                                 │                                                                                                 │                                                                                                 │                                                                                                 │
                                                                                                 │                                                                                                 │                                                                                                 │                                                                                                 │
                                                                                                 │                                                                                                 │                                                                                                 │                                                                                                 │
                                                                                                 │                                                                                                 │                                                                                                 │                                                                                                 │
                                                                                                 │                                                                                                 │                                                                                                 │                                                                                                 │
                                                                                                 │                                                                                                 │                                                                                                 │                                                                                                 │
                                                                                                 │                                                                                                 │                                                                                                 │                                                                                                 │
                                                                                                 │                                                                                                 │                                                                                                 │                                                                                                 │
                                                                                                 │                                                                                                 │                                                                                                 │                                                                                                 │
                                                                                                 │                                                                                                 │                                                                                                 │                                                                                                 │
                                                                                                 │                                                                                                 │                                                                                                 │                                                                                                 │
                                                                                                 │                                                                                                 │                                                                                                 │                                                                                                 │
                                                                                                 ├─────────────────────────────────────────────────────────────────────────────────────────────────┤                                                                                                 │                                                                                                 │
                                                                                                 │○ [w-LAB-1604]                                                                                   │                                                                                                 │                                                                                                 │
                                                                                                 │                                                                                                 │                                                                                                 │                                                                                                 │
                                                                                                 │                                                                                                 │                                                                                                 │                                                                                                 │
                                                                                                 │                                                                                                 │                                                                                                 │                                                                                                 │
                                                                                                 │                                                                                                 │                                                                                                 │                                                                                                 │
                                                                                                 │                                                                                                 │                                                                                                 │                                                                                                 │
                                                                                                 │                                                                                                 │                                                                                                 │                                                                                                 │
                                                                                                 │                                                                                                 │                                                                                                 │                                                                                                 │
                                                                                                 │                                                                                                 │                                                                                                 │                                                                                                 │
                                                                                                 │                                                                                                 │                                                                                                 │                                                                                                 │
                                                                                                 │                                                                                                 │                                                                                                 │                                                                                                 │
                                                                                                 │                                                                                                 │                                                                                                 │                                                                                                 │
                                                                                                 │                                                                                                 │                                                                                                 │                                                                                                 │
                                                                                                 │                                                                                                 ├─────────────────────────────────────────────────────────────────────────────────────────────────┼─────────────────────────────────────────────────────────────────────────────────────────────────┼──────────────────────────────────────────────────────────────────────────────────────────────────
                                                                                                 │                                                                                                 │○ [w-LAB-1605]                                                                                   │○ [w-LAB-1606]                                                                                   │○ [w-LAB-1607]
                                                                                                 │                                                                                                 │                                                                                                 │                                                                                                 │
                                                                                                 │                                                                                                 │                                                                                                 │                                                                                                 │
                                                                                                 │                                                                                                 │                                                                                                 │                                                                                                 │
                                                                                                 │                                                                                                 │                                                                                                 │                                                                                                 │
                                                                                                 │                                                                                                 │                                                                                                 │                                                                                                 │
                                                                                                 │                                                                                                 │                                                                                                 │                                                                                                 │
                                                                                                 │                                                                                                 │                                                                                                 │                                                                                                 │
                                                                                                 │                                                                                                 │                                                                                                 │                                                                                                 │
                                                                                                 │                                                                                                 │                                                                                                 │                                                                                                 │
                                                                                                 │                                                                                                 │                                                                                                 │                                                                                                 │
                                                                                                 │                                                                                                 │                                                                                                 │                                                                                                 │
                                                                                                 │                                                                                                 │                                                                                                 │                                                                                                 │
                                                                                                 │                                                                                                 │                                                                                                 │                                                                                                 │
                                                                                                 ├─────────────────────────────────────────────────────────────────────────────────────────────────┤                                                                                                 │                                                                                                 │
                                                                                                 │○ [w-LAB-1608]                                                                                   │                                                                                                 │                                                                                                 │
                                                                                                 │                                                                                                 │                                                                                                 │                                                                                                 │
                                                                                                 │                                                                                                 │                                                                                                 │                                                                                                 │
                                                                                                 │                                                                                                 │                                                                                                 │                                                                                                 │
                                                                                                 │                                                                                                 │                                                                                                 │                                                                                                 │
                                                                                                 │                                                                                                 │                                                                                                 │                                                                                                 │
                                                                                                 │                                                                                                 │                                                                                                 │                                                                                                 │
                                                                                                 │                                                                                                 │                                                                                                 │                                                                                                 │
                                                                                                 │                                                                                                 │                                                                                                 │                                                                                                 │
                                                                                                 │                                                                                                 │                                                                                                 │                                                                                                 │
                                                                                                 │                                                                                                 │                                                                                                 │                                                                                                 │
                                                                                                 │                                                                                                 │                                                                                                 │                                                                                                 │
                                                                                                 │                                                                                                 │                                                                                                 │                                                                                                 │
                                                                                                 │                                                                                                 │                                                                                                 │                                                                                                 │
                                                                                                 │                                                                                                 │                                                                                                 │                                                                                                 │
                                                                                                 │                                                                                                 │                                                                                                 │                                                                                                 │
                                                                                                 │                                                                                                 │                                                                                                 │                                                                                                 │
                                                                                                 │                                                                                                 │                                                                                                 │                                                                                                 │
                                                                                                 │                                                                                                 │                                                                                                 │                                                                                                 │
                                                                                                 │                                                                                                 │                                                                                                 │                                                                                                 │
                                                                                                 │                                                                                                 │                                                                                                 │                                                                                                 │
                                                                                                 │                                                                                                 │                                                                                                 │                                                                                                 │
                                                                                                 │                                                                                                 │                                                                                                 │                                                                                                 │
                                                                                                 │                                                                                                 │                                                                                                 │                                                                                                 │
                                                                                                 │                                                                                                 │                                                                                                 │                                                                                                 │
                                                                                                 │                                                                                                 │                                                                                                 │                                                                                                 │
                                                                                                 │                                                                                                 │                                                                                                 │                                                                                                 │
                                                                                                 │                                                                                                 │                                                                                                 │                                                                                                 │
 amux │ SESSION                                                                                                                                                                                                                                                                                                                                                                                                                                                                10 panes │ ? help │ 00:00