○ [pane-⌛ 123456789012345] ⌛ │● [pane-▶123456789012345] ⌛  │○ [pane-○123456789012345] ⌛  │○ [pane-⌛ 234567890123456] ⌛ │○ [pane-▶234567890123456] ⌛
                             │                             │                             │                             │
                             │                             │                             │                             │
                             │                             │                             │                             │
                             │                             │                             │                             │
─────────────────────────────┼─────────────────────────────┼─────────────────────────────┼─────────────────────────────┼───────────────────────────────
○ [pane-○123456789012345] ⚡  │○ [pane-●123456789012345] ⚡  │○ [pane-◯123456789012345] ⚡  │○ [pane-○234567890123456] ⚡  │○ [pane-●234567890123456] ⚡
                             │                             │                             │                             │
                             │                             │                             │                             │
                             │                             │                             │                             │
                             │                             │                             │                             │
                             │                             │                             │                             │
 amux │ SESSION                                                                                                           10 panes │ ? help │ 00:00
