● [pane-1]                │○ [pane-2]                │○ [pane-3]
                          │                          │
                          │                          │
                          │                          │
                          │                          │
                          │                          │
                          │                          │
──────────────────────────┼──────────────────────────┼──────────────────────────
○ [pane-4]                │○ [pane-6]                │○ [pane-8]
                          │                          │
                          │                          │
                          │                          │
                          │                          │
                          │                          │
                          │                          │
──────────────────────────┼──────────────────────────┼──────────────────────────
○ [pane-5]                │○ [pane-7]                │○ [pane-9]
                          │                          │
                          │                          │
                          │                          │
                          │                          │
                          │                          │
                          │                          │
 amux │ SESSION                                              9 panes │ 00:00