▶ [pane-1] [lead] set issue             │○ [pane-2]         │○ [pane-3]
                                        │                   │
                                        │                   │
                                        │                   │
                                        │                   │
                                        │                   │
                                        │                   │
                                        │                   │
                                        │                   │
                                        │                   │
                                        │                   │
                                        │                   │
                                        │                   │
                                        │                   │
                                        │                   │
                                        │                   │
                                        │                   │
                                        │                   │
                                        │                   │
                                        │                   │
                                        │                   │
                                        │                   │
                                        │                   │
 amux │ SESSION                                              3 panes │ 00:00