▶ [pane-1] [lead]         │○ [pane-2]                │○ [pane-3]
                          │                          │
                          │                          │
                          │                          │
                          │                          │
                          │                          │
                          │                          │
                          │                          │
                          │                          │
                          │                          │
                          │                          │
                          │                          │
                          │                          │
                          │                          │
                          │                          │
                          │                          │
                          │                          │
                          │                          │
                          │                          │
                          │                          │
                          │                          │
                          │                          │
                          │                          │
 amux │ SESSION                                     3 panes │ ? help │ 00:00