▶ [pane-1] [lead]                       │○ [pane-2]
                                        │
                                        │
                                        │
                                        │
                                        │
                                        ├───────────────────────────────────────
                                        │○ [pane-3]
                                        │
                                        │
                                        │
                                        │
                                        │
                                        ├───────────────────────────────────────
                                        │● [pane-4] set issue
                                        │
                                        │
                                        │
                                        │
                                        │
                                        │
 amux │ SESSION                                              4 panes │ 00:00