○ [pane-3]                              │○ [pane-2]
                                        │
                                        │
                                        │
                                        │
                                        │
                                        │
                                        │
                                        │
                                        │
                                        │
                                        ├───────────────────────────────────────
                                        │● [pane-1]
                                        │
                                        │
                                        │
                                        │
                                        │
                                        │
                                        │
                                        │
                                        │
                                        │
 amux │ SESSION                                     3 panes │ ? help │ 00:00