● [pane-1]                │○ [pane-2]                │○ [pane-3]
                          │                          │
                          │                          │
                          │                          │
                          │                          │
                          │                          │
                          │                          │
                          ├──────────────────────────┤
                          │○ [pane-4]                │
                          │                          │
                          │                          │
                          │                          │
                          │                          │
                          │                          │
                          │                          │
                          ├──────────────────────────┤
                          │○ [pane-5]                │
                          │                          │
                          │                          │
                          │                          │
                          │                          │
                          │                          │
                          │                          │
 amux │ SESSION                                              5 panes │ 00:00