▶ [pane-1] [lead] set issue             │○ [pane-2]
                                        │
                                        │
                                        │
                                        │
                                        │
                                        │
                                        │
                                        │
                                        │
                                        │
                                        │
                                        │
                                        │
                                        │
                                        │
                                        │
                                        │
                                        │
                                        │
                                        │
                                        │
                                        │
 amux │ ? help │ SESSION                                     2 panes │ 00:00