▶ [pane-1] [lead] set issue             │○ [pane-2]
                                        │
                                        │
                                        │
                                        │
                                        │
                                        │
                                        │
                                        │
                                        │
                                        │
                                        │
                                        │
                                        │
                                        │
                                        │
                                        │
                                        │
                                        │
                                        │
                                        │
                                        │
                                        │
 amux │ SESSION                                              2 panes │ 00:00