○ [pane-1]                              │● [pane-2] set issue
                                        │
                                        │
                                        │
                                        │
                                        │
                                        │
                                        │
                                        │
                                        │
                                        │
                                        │
                                        │
                                        │
                                        │
                                        │
                                        │
                                        │
                                        │
                                        │
                                        │
                                        │
                                        │
 amux │ ? help │ SESSION                                     2 panes │ 00:00